[127.0.0.1/wordpress/index.html]
[backblue.gif]
[fade.gif]
[index.html]
[127.0.0.1/wordpress/wp-includes/css/dist/block-library/style.min91d5.css]
[127.0.0.1/wordpress/wp-content/plugins/woocommerce/packages/woocommerce-blocks/build/stylefc72.css]
[127.0.0.1/wordpress/wp-content/plugins/wpforo/wpf-themes/classic/widgets3e0d.css]
[127.0.0.1/wordpress/feed/index.html]
[127.0.0.1/wordpress/wp-content/themes/revolution/assets/css/font-awesome.min.css]
[127.0.0.1/wordpress/wp-content/uploads/2020/04/ptsd-en.png]
[127.0.0.1/wordpress/wp-content/themes/revolution/style.css]
[127.0.0.1/wordpress/wp-content/plugins/contact-form-7/includes/css/styles6725.css]
[127.0.0.1/wordpress/comments/feed/index.html]
[127.0.0.1/wordpress/wp-content/plugins/js_composer/assets/css/js_composer.min40df.css]
[127.0.0.1/wordpress/wp-content/plugins/wpforo/wpf-themes/classic/colorsadbf.css]
[127.0.0.1/wordpress/wp-content/themes/revolution/assets/css/app114d.css]
[127.0.0.1/wordpress/wp-includes/js/jquery/jquery-migrate.min330a.js]
[127.0.0.1/wordpress/wp-content/plugins/woocommerce/assets/js/jquery-blockui/jquery.blockUI.min44fd.js]
[127.0.0.1/wordpress/wp-content/plugins/woocommerce/assets/js/frontend/add-to-cart.minf39e.js]
[127.0.0.1/wordpress/wp-content/plugins/js_composer/assets/js/vendors/woocommerce-add-to-cart40df.js]
[127.0.0.1/wordpress/wp-includes/js/jquery/jquery4a5f.js]
[use.typekit.net/zoo7qqi.js]
[127.0.0.1/wordpress/xmlrpc0db0.php]
[127.0.0.1/wordpress/wp-json/index.html]
[127.0.0.1/wordpress/wp-includes/wlwmanifest.xml]
[127.0.0.1/wordpress/wp-json/oembed/1.0/embedea0a.json]
[127.0.0.1/wordpress/wp-content/uploads/2020/04/royal-hospital-25cb1.jpg]
[127.0.0.1/wordpress/wp-json/oembed/1.0/embed7859]
[revolution.fuelthemes.net/revolution-medical/wp-content/uploads/sites/24/2018/07/footer_bg190a.png]
[127.0.0.1/wordpress/wp-content/uploads/2020/04/ptsd-light-en.png]
[127.0.0.1/wordpress/fr/acceuil/index.html]
[127.0.0.1/wordpress/wp-content/uploads/2018/01/zx8-760x630.jpg]
[127.0.0.1/wordpress/news/index.html]
[127.0.0.1/wordpress/wp-content/uploads/2018/01/zx8.jpg]
[127.0.0.1/wordpress/services/index.html]
[127.0.0.1/wordpress/wp-content/uploads/2018/01/r21-760x630.jpg]
[127.0.0.1/wordpress/wp-content/uploads/2018/01/r21.jpg]
[127.0.0.1/wordpress/knowledge-hub/index.html]
[127.0.0.1/wordpress/wp-content/uploads/2018/01/r20-760x630.jpg]
[127.0.0.1/wordpress/community/indexb251.html]
[127.0.0.1/wordpress/wp-content/uploads/2018/01/r20.jpg]
[127.0.0.1/wordpress/2020/04/15/morbi-eleifend-justo-nec-mi-tincidunt-vitae-imperdiet-odio-lacinia/index.html]
[127.0.0.1/wordpress/wp-content/uploads/2020/04/dr-patrick-smith-cropped.jpg]
[127.0.0.1/wordpress/author/Staff/index.html]
[127.0.0.1/wordpress/wp-content/uploads/2018/07/r5.png]
[127.0.0.1/wordpress/2020/04/04/sed-sollicitudin-elit-vel-nulla-interdum-nec-dignissim-nisi-dignissim/index.html]
[127.0.0.1/wordpress/wp-content/uploads/2020/04/hm-what-are-chatbots-1.png]
[127.0.0.1/wordpress/2020/03/15/pellentesque-sodales-quam-sagittis-purus-consectetur-quis-venenatis-nunc-aliquam/index.html]
[127.0.0.1/wordpress/wp-content/uploads/2018/07/r40.png]
[127.0.0.1/wordpress/wp-content/uploads/2018/07/r39.png]
[127.0.0.1/wordpress/wp-content/uploads/2020/04/rt-reviews.png]
[127.0.0.1/wordpress/wp-content/uploads/2020/04/Patrick-Smith-300x281-1.jpg]
[127.0.0.1/wordpress/wp-content/uploads/2020/04/christopher.jpg]
[127.0.0.1/wordpress/wp-content/uploads/2020/04/fardous.jpg]
[127.0.0.1/wordpress/wp-content/plugins/woocommerce/assets/js/js-cookie/js.cookie.min6b25.js]
[127.0.0.1/wordpress/wp-content/plugins/woocommerce/assets/js/frontend/woocommerce.minf39e.js]
[127.0.0.1/wordpress/wp-content/plugins/woocommerce/assets/js/frontend/cart-fragments.minf39e.js]
[127.0.0.1/wordpress/wp-includes/js/underscore.min4511.js]
[127.0.0.1/wordpress/wp-includes/js/wp-embed.min91d5.js]
[127.0.0.1/wordpress/index.html]
[127.0.0.1/wordpress/wp-content/plugins/contact-form-7/includes/js/scripts6725.js]
[127.0.0.1/wordpress/xmlrpc.php]
[127.0.0.1/wordpress/wp-includes/css/dist/block-library/style.min91d5.css]
[127.0.0.1/wordpress/wp-content/plugins/woocommerce/packages/woocommerce-blocks/build/stylefc72.css]
[127.0.0.1/wordpress/wp-content/plugins/wpforo/wpf-themes/classic/widgets3e0d.css]
[127.0.0.1/wordpress/wp-content/themes/revolution/assets/fonts/fontawesome-webfont3e6e.eot]
[127.0.0.1/wordpress/wp-content/plugins/js_composer/assets/js/dist/js_composer_front.min40df.js]
[127.0.0.1/wordpress/wp-content/themes/revolution/assets/fonts/fontawesome-webfontd41d.eot]
[127.0.0.1/wordpress/wp-content/themes/revolution/assets/js/app.min114d.js]
[127.0.0.1/wordpress/wp-content/themes/revolution/assets/fonts/fontawesome-webfont3e6e.woff2]
[127.0.0.1/wordpress/wp-content/themes/revolution/assets/fonts/fontawesome-webfont3e6e.woff]
[127.0.0.1/wordpress/wp-content/themes/revolution/assets/js/vendor.min114d.js]
[127.0.0.1/wordpress/wp-content/themes/revolution/assets/fonts/fontawesome-webfont3e6e.ttf]
[127.0.0.1/wordpress/wp-content/themes/revolution/assets/css/font-awesome.min.css]
[127.0.0.1/wordpress/wp-content/themes/revolution/assets/img/close_black.png]
[127.0.0.1/wordpress/wp-content/themes/revolution/assets/img/close_black@2x.png]
[127.0.0.1/wordpress/wp-content/themes/revolution/assets/img/select_arrow.png]
[127.0.0.1/wordpress/wp-content/themes/revolution/assets/css/app114d.css]
[127.0.0.1/wordpress/wp-content/themes/revolution/assets/img/payment-types.png]
[127.0.0.1/wordpress/wp-content/themes/revolution/style.css]
[127.0.0.1/wordpress/wp-content/plugins/contact-form-7/images/ajax-loader.gif]
[127.0.0.1/wordpress/wp-content/plugins/contact-form-7/includes/css/styles6725.css]
[127.0.0.1/wordpress/wp-content/plugins/js_composer/assets/vc/alert.png]
[127.0.0.1/wordpress/wp-content/plugins/js_composer/assets/vc/info.png]
[127.0.0.1/wordpress/wp-content/plugins/js_composer/assets/vc/tick.png]
[127.0.0.1/wordpress/wp-content/plugins/js_composer/assets/vc/exclamation.png]
[127.0.0.1/wordpress/wp-content/plugins/js_composer/assets/images/icons/address-book.png]
[127.0.0.1/wordpress/wp-content/plugins/js_composer/assets/images/icons/alarm-clock.png]
[127.0.0.1/wordpress/wp-content/plugins/js_composer/assets/images/icons/anchor.png]
[127.0.0.1/wordpress/wp-content/plugins/js_composer/assets/images/icons/application-image.png]
[127.0.0.1/wordpress/wp-content/plugins/js_composer/assets/images/icons/arrow.png]
[127.0.0.1/wordpress/wp-content/plugins/js_composer/assets/images/icons/asterisk.png]
[127.0.0.1/wordpress/wp-content/plugins/js_composer/assets/images/icons/auction-hammer.png]
[127.0.0.1/wordpress/wp-content/plugins/js_composer/assets/images/icons/balloon.png]
[127.0.0.1/wordpress/wp-content/plugins/js_composer/assets/images/icons/balloon-buzz.png]
[127.0.0.1/wordpress/wp-content/plugins/js_composer/assets/images/icons/balloon-facebook.png]
[127.0.0.1/wordpress/wp-content/plugins/js_composer/assets/images/icons/balloon-twitter.png]
[127.0.0.1/wordpress/wp-content/plugins/js_composer/assets/images/icons/battery-full.png]
[127.0.0.1/wordpress/wp-content/plugins/js_composer/assets/images/icons/binocular.png]
[127.0.0.1/wordpress/wp-content/plugins/js_composer/assets/images/icons/blue-document-excel.png]
[127.0.0.1/wordpress/wp-content/plugins/js_composer/assets/images/icons/blue-document-image.png]
[127.0.0.1/wordpress/wp-content/plugins/js_composer/assets/images/icons/blue-document-music.png]
[127.0.0.1/wordpress/wp-content/plugins/js_composer/assets/images/icons/blue-document-office.png]
[127.0.0.1/wordpress/wp-content/plugins/js_composer/assets/images/icons/blue-document-pdf.png]
[127.0.0.1/wordpress/wp-content/plugins/js_composer/assets/images/icons/blue-document-powerpoint.png]
[127.0.0.1/wordpress/wp-content/plugins/js_composer/assets/images/icons/blue-document-word.png]
[127.0.0.1/wordpress/wp-content/plugins/js_composer/assets/images/icons/bookmark.png]
[127.0.0.1/wordpress/wp-content/plugins/js_composer/assets/images/icons/camcorder.png]
[127.0.0.1/wordpress/wp-content/plugins/js_composer/assets/images/icons/camera.png]
[127.0.0.1/wordpress/wp-content/plugins/js_composer/assets/images/icons/chart.png]
[127.0.0.1/wordpress/wp-content/plugins/js_composer/assets/images/icons/chart-pie.png]
[127.0.0.1/wordpress/wp-content/plugins/js_composer/assets/images/icons/clock.png]
[127.0.0.1/wordpress/wp-content/plugins/js_composer/assets/images/icons/control.png]
[127.0.0.1/wordpress/wp-content/plugins/js_composer/assets/images/icons/fire.png]
[127.0.0.1/wordpress/wp-content/plugins/js_composer/assets/images/icons/heart.png]
[127.0.0.1/wordpress/wp-content/plugins/js_composer/assets/images/icons/mail.png]
[127.0.0.1/wordpress/wp-content/plugins/js_composer/assets/images/icons/plus-shield.png]
[127.0.0.1/wordpress/wp-content/plugins/js_composer/assets/images/icons/video.png]
[127.0.0.1/wordpress/wp-content/plugins/js_composer/assets/fonts/vc_icons_v2/fonts/vcpb-plugin-iconsb82a.eot]
[127.0.0.1/wordpress/wp-content/plugins/js_composer/assets/fonts/vc_icons_v2/fonts/vcpb-plugin-iconsb82a.ttf]
[127.0.0.1/wordpress/wp-content/plugins/js_composer/assets/fonts/vc_icons_v2/fonts/vcpb-plugin-iconsb82a.woff]
[127.0.0.1/wordpress/wp-content/plugins/js_composer/assets/images/toggle_open.png]
[127.0.0.1/wordpress/wp-content/plugins/js_composer/assets/images/toggle_close.png]
[127.0.0.1/wordpress/wp-content/plugins/js_composer/assets/images/flickr.png]
[127.0.0.1/wordpress/wp-content/plugins/js_composer/assets/fonts/vc_grid/vc_grid_v157a1.eot]
[127.0.0.1/wordpress/wp-content/plugins/js_composer/assets/fonts/vc_grid/vc_grid_v1d41d.eot]
[127.0.0.1/wordpress/wp-content/plugins/js_composer/assets/fonts/vc_grid/vc_grid_v157a1.woff]
[127.0.0.1/wordpress/wp-content/plugins/js_composer/assets/fonts/vc_grid/vc_grid_v157a1.ttf]
[127.0.0.1/wordpress/wp-content/plugins/js_composer/assets/images/spinner.gif]
[127.0.0.1/wordpress/wp-content/plugins/js_composer/assets/vc/remove.png]
[127.0.0.1/wordpress/wp-content/plugins/js_composer/assets/css/js_composer.min40df.css]
[127.0.0.1/wordpress/wp-content/plugins/wpforo/wpf-themes/classic/colorsadbf.css]
[127.0.0.1/wordpress/wp-json/oembed/1.0/embedc0d0.json]
[127.0.0.1/wordpress/fr/feed/index.html]
[127.0.0.1/wordpress/wp-json/oembed/1.0/embed6878]
[127.0.0.1/wordpress/fr/comments/feed/index.html]
[revolution.fuelthemes.net/revolution-medical/wp-content/uploads/sites/24/2018/07/r69e43.png]
[127.0.0.1/wordpress/wp-content/uploads/2020/04/ptsd-fr.png]
[127.0.0.1/wordpress/wp-content/uploads/2020/04/ptsd-light-fr.png]
[127.0.0.1/wordpress/wp-content/uploads/2018/07/icon1.png]
[127.0.0.1/wordpress/wp-content/uploads/2018/07/icon2.png]
[127.0.0.1/wordpress/wp-content/uploads/2018/07/icon3.png]
[127.0.0.1/wordpress/wp-content/uploads/2018/07/r3.jpg]
[127.0.0.1/wordpress/wp-content/uploads/2018/07/r12.jpg]
[127.0.0.1/wordpress/wp-content/uploads/2018/07/r13.jpg]
[127.0.0.1/wordpress/wp-content/uploads/2018/07/r14.jpg]
[127.0.0.1/wordpress/wp-content/uploads/2018/07/r15.jpg]
[127.0.0.1/wordpress/wp-content/uploads/2018/07/r16.jpg]
[127.0.0.1/wordpress/wp-content/uploads/2018/07/r17.jpg]
[127.0.0.1/wordpress/wp-content/uploads/2018/07/r30.jpg]
[127.0.0.1/wordpress/wp-content/uploads/2018/07/r31.jpg]
[127.0.0.1/wordpress/wp-content/uploads/2018/07/doc1.jpg]
[127.0.0.1/wordpress/wp-content/uploads/2018/07/doc2.jpg]
[127.0.0.1/wordpress/wp-content/uploads/2018/07/doc3.jpg]
[127.0.0.1/wordpress/wp-content/uploads/2018/07/doc4.jpg]
[127.0.0.1/wordpress/wp-content/uploads/2018/07/doc7.jpg]
[127.0.0.1/wordpress/wp-content/uploads/2018/07/doc6.jpg]
[127.0.0.1/wordpress/wp-content/uploads/2018/07/r11.png]
[127.0.0.1/wordpress/wp-content/uploads/2018/07/logo12.png]
[127.0.0.1/wordpress/wp-content/uploads/2018/07/logo11.png]
[127.0.0.1/wordpress/wp-content/uploads/2018/07/logo10.png]
[127.0.0.1/wordpress/wp-content/uploads/2018/07/logo9.png]
[127.0.0.1/wordpress/wp-content/uploads/2018/07/logo8.png]
[127.0.0.1/wordpress/fr/acceuil/index.html]
[127.0.0.1/wordpress/wp-content/uploads/2018/01/cr12-760x630.jpg]
[127.0.0.1/wordpress/wp-content/uploads/2018/01/r7-760x630.jpg]
[127.0.0.1/wordpress/category/branding/index.html]
[127.0.0.1/wordpress/category/adventure/index.html]
[127.0.0.1/wordpress/wp-content/uploads/2018/01/r25-760x630.jpg]
[127.0.0.1/wordpress/category/inspiration/index.html]
[127.0.0.1/wordpress/wp-content/uploads/2018/01/r27-760x630.jpg]
[127.0.0.1/wordpress/2020/01/11/donec-quis-elit-ac-lacus-cursus-semper-sit-amet-at-sapien/index.html]
[127.0.0.1/wordpress/wp-content/uploads/2017/06/r28-760x630.jpg]
[127.0.0.1/wordpress/news/index.html]
[127.0.0.1/wordpress/category/creativity/index.html]
[127.0.0.1/wordpress/2020/01/11/maecenas-eu-ligula-ullamcorper-ornare-leo-eget-lacinia-ipsum/index.html]
[127.0.0.1/wordpress/2020/01/11/praesent-eget-tortor-ultricies-euismod-felis-id-consequat-arcu/index.html]
[127.0.0.1/wordpress/wp-json/oembed/1.0/embeddf2f.json]
[127.0.0.1/wordpress/category/animation/index.html]
[127.0.0.1/wordpress/wp-json/oembed/1.0/embed4278]
[127.0.0.1/wordpress/2020/01/11/vivamus-porta-tellus-ut-dolor-ultrices-dapibus/index.html]
[127.0.0.1/wordpress/wp-content/uploads/2020/04/dark-abstract-background-30-background-pictures-dark-abstract-png-1920_1080-14a06.png]
[127.0.0.1/wordpress/2019/12/20/nullam-sit-amet-est-a-lacus-congue-volutpat-ut-eu-neque/index.html]
[127.0.0.1/wordpress/wp-content/uploads/2018/07/r32.jpg]
[127.0.0.1/wordpress/services/index.html]
[127.0.0.1/wordpress/indexcbc0.html]
[127.0.0.1/wordpress/wp-content/plugins/basepress/themes/modern/css/stylecdbb.css]
[127.0.0.1/wordpress/wp-content/uploads/2020/04/GettyImages-1098418784.jpg]
[127.0.0.1/wordpress/wp-content/plugins/basepress/icons/icons4dc3.css]
[127.0.0.1/wordpress/wp-content/plugins/basepress/public/js/basepress.mincdbb.js]
[127.0.0.1/wordpress/wp-content/plugins/basepress/themes/modern/js/fixedsticky.mincdbb.js]
[127.0.0.1/wordpress/knowledge-hub/documentation/index.html]
[127.0.0.1/wordpress/wp-content/plugins/basepress/themes/modern/js/modern.mincdbb.js]
[127.0.0.1/wordpress/knowledge-hub/index.html]
[127.0.0.1/wordpress/knowledge-hub/documentation/document-1/index.html]
[127.0.0.1/wordpress/knowledge-hub/documentation/document-2/index.html]
[127.0.0.1/wordpress/knowledge-hub/documentation/document-3/index.html]
[127.0.0.1/wordpress/wp-content/plugins/wpforo/wpf-assets/css/font-awesome/css/fontawesome-all.minaec5.css]
[127.0.0.1/wordpress/knowledge-hub/reference-groups/index.html]
[127.0.0.1/wordpress/wp-content/plugins/wpforo/wpf-themes/classic/style3e0d.css]
[127.0.0.1/wordpress/knowledge-hub/reference-groups/reference-group-1/index.html]
[127.0.0.1/wordpress/wp-content/plugins/wpforo/wpf-themes/classic/phrasesa456.js]
[127.0.0.1/wordpress/knowledge-hub/training-modules/index.html]
[127.0.0.1/wordpress/wp-json/oembed/1.0/embed9c99.json]
[127.0.0.1/wordpress/knowledge-hub/training-modules/training-module-1/index.html]
[127.0.0.1/wordpress/wp-json/oembed/1.0/embed0c5b]
[127.0.0.1/wordpress/knowledge-hub/training-modules/training-module-2/index.html]
[127.0.0.1/wordpress/index80c9.html]
[127.0.0.1/wordpress/wp-includes/js/jquery/suggest.min3914.js]
[127.0.0.1/wordpress/wp-content/plugins/wpforo/wpf-assets/js/frontend3e0d.js]
[127.0.0.1/wordpress/community/index3140.html]
[127.0.0.1/wordpress/community/indexb251.html]
[127.0.0.1/wordpress/wp-content/plugins/wpforo/wpf-assets/js/ajax3e0d.js]
[127.0.0.1/wordpress/wp-json/oembed/1.0/embed9f7c.json]
[127.0.0.1/wordpress/2020/04/15/morbi-eleifend-justo-nec-mi-tincidunt-vitae-imperdiet-odio-lacinia/feed/index.html]
[127.0.0.1/wordpress/wp-json/oembed/1.0/embed21fd]
[revolution.fuelthemes.net/wp-content/uploads/2017/06/nsnd.jpg]
[127.0.0.1/wordpress/wp-content/uploads/2018/01/zx8-200x200.jpg]
[127.0.0.1/wordpress/tag/black/index.html]
[127.0.0.1/wordpress/wp-content/uploads/2018/01/r21-200x200.jpg]
[127.0.0.1/wordpress/tag/greek/index.html]
[127.0.0.1/wordpress/wp-content/uploads/2018/01/r20-200x200.jpg]
[127.0.0.1/wordpress/tag/myths/index.html]
[127.0.0.1/wordpress/wp-content/uploads/2018/01/cr12-200x200.jpg]
[127.0.0.1/wordpress/wp-content/uploads/2018/01/r7-200x200.jpg]
[127.0.0.1/wordpress/wp-content/uploads/2018/01/r21-1300x650.jpg]
[127.0.0.1/wordpress/wp-includes/js/comment-reply.min91d5.js]
[127.0.0.1/wordpress/2020/04/15/morbi-eleifend-justo-nec-mi-tincidunt-vitae-imperdiet-odio-lacinia/index.html]
[127.0.0.1/wordpress/author/Staff/index.html]
[127.0.0.1/wordpress/author/Staff/feed/index.html]
[127.0.0.1/wordpress/wp-json/oembed/1.0/embed7b69.json]
[127.0.0.1/wordpress/2020/04/04/sed-sollicitudin-elit-vel-nulla-interdum-nec-dignissim-nisi-dignissim/feed/index.html]
[127.0.0.1/wordpress/wp-json/oembed/1.0/embedcdf7]
[127.0.0.1/wordpress/wp-content/uploads/2018/01/r20-1300x650.jpg]
[127.0.0.1/wordpress/wp-content/uploads/2018/01/zx8-1300x650.jpg]
[127.0.0.1/wordpress/2020/04/04/sed-sollicitudin-elit-vel-nulla-interdum-nec-dignissim-nisi-dignissim/index.html]
[127.0.0.1/wordpress/tag/book/index.html]
[127.0.0.1/wordpress/tag/inspire/index.html]
[127.0.0.1/wordpress/wp-json/oembed/1.0/embed79aa.json]
[127.0.0.1/wordpress/tag/photo/index.html]
[127.0.0.1/wordpress/wp-json/oembed/1.0/embeda160]
[127.0.0.1/wordpress/2020/03/15/pellentesque-sodales-quam-sagittis-purus-consectetur-quis-venenatis-nunc-aliquam/feed/index.html]
[127.0.0.1/wordpress/wp-content/uploads/2018/01/cr12-1300x650.jpg]
[127.0.0.1/wordpress/2020/03/15/pellentesque-sodales-quam-sagittis-purus-consectetur-quis-venenatis-nunc-aliquam/index.html]
[127.0.0.1/wordpress/wp-content/themes/revolution/assets/fonts/fontawesome-webfont3e6e.svg]
[127.0.0.1/wordpress/tag/bulgarian/index.html]
[127.0.0.1/wordpress/tag/demon/index.html]
[127.0.0.1/wordpress/wp-content/themes/revolution/assets/img/svg/x-white.html]
[127.0.0.1/wordpress/wp-content/plugins/js_composer/assets/fonts/vc_icons_v2/fonts/vcpb-plugin-iconsb82a.svg]
[127.0.0.1/wordpress/wp-content/plugins/js_composer/assets/vc/blur.svg]
[127.0.0.1/wordpress/wp-content/plugins/js_composer/assets/fonts/vc_grid/vc_grid_v157a1.svg]
[127.0.0.1/wordpress/category/branding/index.html]
[127.0.0.1/wordpress/tag/klein/index.html]
[127.0.0.1/wordpress/category/adventure/index.html]
[127.0.0.1/wordpress/category/branding/feed/index.html]
[127.0.0.1/wordpress/category/inspiration/index.html]
[127.0.0.1/wordpress/category/adventure/feed/index.html]
[127.0.0.1/wordpress/wp-json/oembed/1.0/embed3392.json]
[127.0.0.1/wordpress/category/inspiration/feed/index.html]
[127.0.0.1/wordpress/2020/01/11/donec-quis-elit-ac-lacus-cursus-semper-sit-amet-at-sapien/feed/index.html]
[127.0.0.1/wordpress/wp-json/oembed/1.0/embed56d4]
[127.0.0.1/wordpress/wp-content/uploads/2018/01/cr12.jpg]
[127.0.0.1/wordpress/wp-content/uploads/2018/01/r7-1300x650.jpg]
[127.0.0.1/wordpress/2020/01/11/donec-quis-elit-ac-lacus-cursus-semper-sit-amet-at-sapien/index.html]
[127.0.0.1/wordpress/tag/alessandro/index.html]
[127.0.0.1/wordpress/tag/novelli/index.html]
[127.0.0.1/wordpress/category/creativity/index.html]
[127.0.0.1/wordpress/category/creativity/feed/index.html]
[127.0.0.1/wordpress/wp-json/oembed/1.0/embed7e27.json]
[127.0.0.1/wordpress/2020/01/11/maecenas-eu-ligula-ullamcorper-ornare-leo-eget-lacinia-ipsum/feed/index.html]
[127.0.0.1/wordpress/wp-json/oembed/1.0/embed545f]
[127.0.0.1/wordpress/wp-content/uploads/2018/01/r7.jpg]
[127.0.0.1/wordpress/wp-content/uploads/2018/01/r25-1300x650.jpg]
[127.0.0.1/wordpress/2020/01/11/maecenas-eu-ligula-ullamcorper-ornare-leo-eget-lacinia-ipsum/index.html]
[127.0.0.1/wordpress/tag/magazine/index.html]
[127.0.0.1/wordpress/tag/star/index.html]
[127.0.0.1/wordpress/tag/torbjorn/index.html]
[127.0.0.1/wordpress/wp-json/oembed/1.0/embed4574.json]
[127.0.0.1/wordpress/2020/01/11/praesent-eget-tortor-ultricies-euismod-felis-id-consequat-arcu/feed/index.html]
[127.0.0.1/wordpress/wp-json/oembed/1.0/embedf3f4]
[127.0.0.1/wordpress/wp-content/uploads/2018/01/r25.jpg]
[127.0.0.1/wordpress/wp-content/uploads/2018/01/r27-1300x650.jpg]
[127.0.0.1/wordpress/2020/01/11/praesent-eget-tortor-ultricies-euismod-felis-id-consequat-arcu/index.html]
[127.0.0.1/wordpress/tag/foster/index.html]
[127.0.0.1/wordpress/tag/californian/index.html]
[127.0.0.1/wordpress/category/animation/index.html]
[127.0.0.1/wordpress/tag/skate/index.html]
[127.0.0.1/wordpress/category/animation/feed/index.html]
[127.0.0.1/wordpress/wp-json/oembed/1.0/embedde03.json]
[127.0.0.1/wordpress/2020/01/11/vivamus-porta-tellus-ut-dolor-ultrices-dapibus/feed/index.html]
[127.0.0.1/wordpress/wp-content/uploads/2018/01/r27.jpg]
[127.0.0.1/wordpress/wp-json/oembed/1.0/embedeb41]
[127.0.0.1/wordpress/wp-content/uploads/2017/06/r28-1300x650.jpg]
[127.0.0.1/wordpress/2020/01/11/vivamus-porta-tellus-ut-dolor-ultrices-dapibus/index.html]
[127.0.0.1/wordpress/tag/animation/index.html]
[127.0.0.1/wordpress/tag/norman/index.html]
[127.0.0.1/wordpress/wp-json/oembed/1.0/embeda5c7.json]
[127.0.0.1/wordpress/tag/wobbly/index.html]
[127.0.0.1/wordpress/wp-json/oembed/1.0/embed8a1e]
[127.0.0.1/wordpress/2019/12/20/nullam-sit-amet-est-a-lacus-congue-volutpat-ut-eu-neque/feed/index.html]
[127.0.0.1/wordpress/wp-content/uploads/2017/06/r28.jpg]
[127.0.0.1/wordpress/2019/12/20/nullam-sit-amet-est-a-lacus-congue-volutpat-ut-eu-neque/index.html]
[127.0.0.1/wordpress/tag/characterful/index.html]
[127.0.0.1/wordpress/index3c55.html]
[127.0.0.1/wordpress/wp-content/plugins/basepress/themes/modern/img/plus-circle.png]
[127.0.0.1/wordpress/wp-content/plugins/basepress/themes/modern/css/stylecdbb.css]
[127.0.0.1/wordpress/wp-content/plugins/basepress/icons/fonts/icons6906.eot]
[127.0.0.1/wordpress/wp-content/plugins/basepress/icons/fonts/icons6906.ttf]
[127.0.0.1/wordpress/wp-content/plugins/basepress/icons/fonts/icons6906.woff]
[127.0.0.1/wordpress/wp-content/plugins/basepress/icons/icons4dc3.css]
[127.0.0.1/wordpress/knowledge-hub/documentation/index.html]
[127.0.0.1/wordpress/knowledge-hub/documentation/document-1/index.html]
[127.0.0.1/wordpress/knowledge-hub/documentation/document-2/index.html]
[127.0.0.1/wordpress/knowledge-hub/documentation/document-3/index.html]
[127.0.0.1/wordpress/knowledge-hub/reference-groups/index.html]
[127.0.0.1/wordpress/knowledge-hub/reference-groups/reference-group-1/index.html]
[127.0.0.1/wordpress/knowledge-hub/training-modules/index.html]
[127.0.0.1/wordpress/knowledge-hub/training-modules/training-module-1/index.html]
[127.0.0.1/wordpress/knowledge-hub/training-modules/training-module-2/index.html]
[127.0.0.1/wordpress/wp-content/plugins/wpforo/wpf-assets/css/font-awesome/webfonts/fa-brands-400.eot]
[127.0.0.1/wordpress/wp-content/plugins/wpforo/wpf-assets/css/font-awesome/webfonts/fa-brands-400.woff2]
[127.0.0.1/wordpress/wp-content/plugins/wpforo/wpf-assets/css/font-awesome/webfonts/fa-brands-400d41d.eot]
[127.0.0.1/wordpress/wp-content/plugins/wpforo/wpf-assets/css/font-awesome/webfonts/fa-brands-400.woff]
[127.0.0.1/wordpress/wp-content/plugins/wpforo/wpf-assets/css/font-awesome/webfonts/fa-brands-400.ttf]
[127.0.0.1/wordpress/wp-content/plugins/wpforo/wpf-assets/css/font-awesome/webfonts/fa-regular-400.eot]
[127.0.0.1/wordpress/wp-content/plugins/wpforo/wpf-assets/css/font-awesome/webfonts/fa-regular-400d41d.eot]
[127.0.0.1/wordpress/wp-content/plugins/wpforo/wpf-assets/css/font-awesome/webfonts/fa-regular-400.woff2]
[127.0.0.1/wordpress/wp-content/plugins/wpforo/wpf-assets/css/font-awesome/webfonts/fa-regular-400.woff]
[127.0.0.1/wordpress/wp-content/plugins/wpforo/wpf-assets/css/font-awesome/webfonts/fa-regular-400.ttf]
[127.0.0.1/wordpress/wp-content/plugins/wpforo/wpf-assets/css/font-awesome/webfonts/fa-solid-900.eot]
[127.0.0.1/wordpress/wp-content/plugins/wpforo/wpf-assets/css/font-awesome/webfonts/fa-solid-900.woff2]
[127.0.0.1/wordpress/wp-content/plugins/wpforo/wpf-assets/css/font-awesome/webfonts/fa-solid-900d41d.eot]
[127.0.0.1/wordpress/wp-content/plugins/wpforo/wpf-assets/css/font-awesome/webfonts/fa-solid-900.woff]
[127.0.0.1/wordpress/wp-content/plugins/wpforo/wpf-assets/css/font-awesome/webfonts/fa-solid-900.ttf]
[127.0.0.1/wordpress/wp-content/plugins/wpforo/wpf-assets/css/font-awesome/css/fontawesome-all.minaec5.css]
[127.0.0.1/wordpress/wp-content/plugins/wpforo/wpf-themes/classic/style3e0d.css]
[127.0.0.1/wordpress/index80c9.html]
[127.0.0.1/wordpress/community/index.html]
[127.0.0.1/wordpress/community/index3140.html]
[127.0.0.1/wordpress/index5eda.html]
[127.0.0.1/wordpress/tag/black/index.html]
[127.0.0.1/wordpress/tag/black/feed/index.html]
[127.0.0.1/wordpress/tag/greek/index.html]
[127.0.0.1/wordpress/tag/greek/feed/index.html]
[127.0.0.1/wordpress/tag/myths/index.html]
[127.0.0.1/wordpress/tag/myths/feed/index.html]
[127.0.0.1/wordpress/indexe6f0.html]
[127.0.0.1/wordpress/tag/book/index.html]
[127.0.0.1/wordpress/tag/inspire/index.html]
[127.0.0.1/wordpress/tag/book/feed/index.html]
[127.0.0.1/wordpress/tag/photo/index.html]
[127.0.0.1/wordpress/tag/inspire/feed/index.html]
[127.0.0.1/wordpress/indexea0f.html]
[127.0.0.1/wordpress/tag/bulgarian/index.html]
[127.0.0.1/wordpress/tag/photo/feed/index.html]
[127.0.0.1/wordpress/tag/demon/index.html]
[127.0.0.1/wordpress/tag/bulgarian/feed/index.html]
[127.0.0.1/wordpress/tag/klein/index.html]
[127.0.0.1/wordpress/index1e7e.html]
[127.0.0.1/wordpress/tag/alessandro/index.html]
[127.0.0.1/wordpress/tag/demon/feed/index.html]
[127.0.0.1/wordpress/tag/novelli/index.html]
[127.0.0.1/wordpress/tag/klein/feed/index.html]
[127.0.0.1/wordpress/tag/alessandro/feed/index.html]
[127.0.0.1/wordpress/indexdd23.html]
[127.0.0.1/wordpress/tag/magazine/index.html]
[127.0.0.1/wordpress/tag/star/index.html]
[127.0.0.1/wordpress/tag/novelli/feed/index.html]
[127.0.0.1/wordpress/tag/torbjorn/index.html]
[127.0.0.1/wordpress/tag/star/feed/index.html]
[127.0.0.1/wordpress/index6c46.html]
[127.0.0.1/wordpress/tag/californian/index.html]
[127.0.0.1/wordpress/tag/magazine/feed/index.html]
[127.0.0.1/wordpress/tag/torbjorn/feed/index.html]
[127.0.0.1/wordpress/tag/foster/index.html]
[127.0.0.1/wordpress/tag/skate/index.html]
[127.0.0.1/wordpress/tag/californian/feed/index.html]
[127.0.0.1/wordpress/indexc7e3.html]
[127.0.0.1/wordpress/tag/animation/index.html]
[127.0.0.1/wordpress/tag/foster/feed/index.html]
[127.0.0.1/wordpress/tag/skate/feed/index.html]
[127.0.0.1/wordpress/tag/norman/index.html]
[127.0.0.1/wordpress/tag/wobbly/index.html]
[127.0.0.1/wordpress/tag/animation/feed/index.html]
[127.0.0.1/wordpress/index5643.html]
[127.0.0.1/wordpress/tag/characterful/index.html]
[127.0.0.1/wordpress/tag/norman/feed/index.html]
[127.0.0.1/wordpress/tag/wobbly/feed/index.html]
[127.0.0.1/wordpress/tag/characterful/feed/index.html]
[127.0.0.1/wordpress/wp-content/plugins/basepress/icons/fonts/icons6906.svg]
[127.0.0.1/wordpress/indexcfe0.html]
[127.0.0.1/wordpress/index03e1.html]
[127.0.0.1/wordpress/indexa8b8.html]
[127.0.0.1/wordpress/indexe1a1.html]
[127.0.0.1/wordpress/indexfbc5.html]
[127.0.0.1/wordpress/index4978.html]
[127.0.0.1/wordpress/wp-content/plugins/wpforo/wpf-assets/css/font-awesome/webfonts/fa-brands-400.svg]
[127.0.0.1/wordpress/wp-content/plugins/wpforo/wpf-assets/css/font-awesome/webfonts/fa-regular-400.svg]
[127.0.0.1/wordpress/wp-content/plugins/wpforo/wpf-assets/css/font-awesome/webfonts/fa-solid-900.svg]
[127.0.0.1/wordpress/community/index.html]
